// Jest Snapshot v1, https://goo.gl/fbAQLP

exports[`Reports passes 1`] = `ReactWrapper {}`;
