// Jest Snapshot v1, https://goo.gl/fbAQLP

exports[`pass post feed test post feed  1`] = `ReactWrapper {}`;
