// Jest Snapshot v1, https://goo.gl/fbAQLP

exports[`<PostForm/> passes 1`] = `ReactWrapper {}`;
