// Jest Snapshot v1, https://goo.gl/fbAQLP

exports[`pass spinner feed test post feed  1`] = `ReactWrapper {}`;
