// Jest Snapshot v1, https://goo.gl/fbAQLP

exports[`pass edit article test edit article snap shot 1`] = `ReactWrapper {}`;
