// Jest Snapshot v1, https://goo.gl/fbAQLP

exports[`Test the article post test post snap 1`] = `ReactWrapper {}`;
