// Jest Snapshot v1, https://goo.gl/fbAQLP

exports[`<Posts /> passes 1`] = `ReactWrapper {}`;
