// Jest Snapshot v1, https://goo.gl/fbAQLP

exports[`pass test 1 1`] = `ShallowWrapper {}`;
