// Jest Snapshot v1, https://goo.gl/fbAQLP

exports[`pass articles test 1 1`] = `ReactWrapper {}`;
